<?xml version="1.0" encoding="UTF-8"?>
<testsuites>
  <testsuite name="/home/prodo/Documents/Projects/Negarity/negarity-color/phpunit.xml" tests="55" assertions="231" errors="0" failures="1" skipped="0" time="0.067496">
    <testsuite name="Negarity Color Test Suite" tests="55" assertions="231" errors="0" failures="1" skipped="0" time="0.067496">
      <testsuite name="Negarity\Color\Tests\ColorConversionTest" file="/home/prodo/Documents/Projects/Negarity/negarity-color/tests/ColorConversionTest.php" tests="21" assertions="123" errors="0" failures="1" skipped="0" time="0.064755">
        <testcase name="testConvertRgbToRgb" file="/home/prodo/Documents/Projects/Negarity/negarity-color/tests/ColorConversionTest.php" line="151" class="Negarity\Color\Tests\ColorConversionTest" classname="Negarity.Color.Tests.ColorConversionTest" assertions="4" time="0.002370"/>
        <testcase name="testConvertRgbToCmyk" file="/home/prodo/Documents/Projects/Negarity/negarity-color/tests/ColorConversionTest.php" line="165" class="Negarity\Color\Tests\ColorConversionTest" classname="Negarity.Color.Tests.ColorConversionTest" assertions="17" time="0.006077"/>
        <testcase name="testConvertCmykToRgb" file="/home/prodo/Documents/Projects/Negarity/negarity-color/tests/ColorConversionTest.php" line="183" class="Negarity\Color\Tests\ColorConversionTest" classname="Negarity.Color.Tests.ColorConversionTest" assertions="13" time="0.003183"/>
        <testcase name="testConvertRgbToHsl" file="/home/prodo/Documents/Projects/Negarity/negarity-color/tests/ColorConversionTest.php" line="199" class="Negarity\Color\Tests\ColorConversionTest" classname="Negarity.Color.Tests.ColorConversionTest" assertions="4" time="0.003093"/>
        <testcase name="testConvertHslToRgb" file="/home/prodo/Documents/Projects/Negarity/negarity-color/tests/ColorConversionTest.php" line="242" class="Negarity\Color\Tests\ColorConversionTest" classname="Negarity.Color.Tests.ColorConversionTest" assertions="4" time="0.003077"/>
        <testcase name="testConvertRgbToHsv" file="/home/prodo/Documents/Projects/Negarity/negarity-color/tests/ColorConversionTest.php" line="285" class="Negarity\Color\Tests\ColorConversionTest" classname="Negarity.Color.Tests.ColorConversionTest" assertions="4" time="0.003216"/>
        <testcase name="testConvertHsvToRgb" file="/home/prodo/Documents/Projects/Negarity/negarity-color/tests/ColorConversionTest.php" line="335" class="Negarity\Color\Tests\ColorConversionTest" classname="Negarity.Color.Tests.ColorConversionTest" assertions="4" time="0.002829"/>
        <testcase name="testConvertRgbToLab" file="/home/prodo/Documents/Projects/Negarity/negarity-color/tests/ColorConversionTest.php" line="378" class="Negarity\Color\Tests\ColorConversionTest" classname="Negarity.Color.Tests.ColorConversionTest" assertions="7" time="0.004032"/>
        <testcase name="testConvertLabToRgb" file="/home/prodo/Documents/Projects/Negarity/negarity-color/tests/ColorConversionTest.php" line="425" class="Negarity\Color\Tests\ColorConversionTest" classname="Negarity.Color.Tests.ColorConversionTest" assertions="2" time="0.005798">
          <failure type="PHPUnit\Framework\ExpectationFailedException">Negarity\Color\Tests\ColorConversionTest::testConvertLabToRgb
RGB R channel mismatch at line 2990. Lab(39, -37, 17) -&gt; Expected R=0, Got R=5
Failed asserting that 5 matches expected 0.

/home/prodo/Documents/Projects/Negarity/negarity-color/tests/ColorConversionTest.php:433</failure>
        </testcase>
        <testcase name="testConvertRgbToLch" file="/home/prodo/Documents/Projects/Negarity/negarity-color/tests/ColorConversionTest.php" line="474" class="Negarity\Color\Tests\ColorConversionTest" classname="Negarity.Color.Tests.ColorConversionTest" assertions="10" time="0.003226"/>
        <testcase name="testConvertLchToRgb" file="/home/prodo/Documents/Projects/Negarity/negarity-color/tests/ColorConversionTest.php" line="522" class="Negarity\Color\Tests\ColorConversionTest" classname="Negarity.Color.Tests.ColorConversionTest" assertions="4" time="0.002805"/>
        <testcase name="testConvertRgbToXyz" file="/home/prodo/Documents/Projects/Negarity/negarity-color/tests/ColorConversionTest.php" line="571" class="Negarity\Color\Tests\ColorConversionTest" classname="Negarity.Color.Tests.ColorConversionTest" assertions="7" time="0.002803"/>
        <testcase name="testConvertXyzToRgb" file="/home/prodo/Documents/Projects/Negarity/negarity-color/tests/ColorConversionTest.php" line="618" class="Negarity\Color\Tests\ColorConversionTest" classname="Negarity.Color.Tests.ColorConversionTest" assertions="4" time="0.003209"/>
        <testcase name="testConvertRgbToYcbcr" file="/home/prodo/Documents/Projects/Negarity/negarity-color/tests/ColorConversionTest.php" line="692" class="Negarity\Color\Tests\ColorConversionTest" classname="Negarity.Color.Tests.ColorConversionTest" assertions="13" time="0.000291"/>
        <testcase name="testConvertYcbcrToRgb" file="/home/prodo/Documents/Projects/Negarity/negarity-color/tests/ColorConversionTest.php" line="709" class="Negarity\Color\Tests\ColorConversionTest" classname="Negarity.Color.Tests.ColorConversionTest" assertions="13" time="0.000117"/>
        <testcase name="testRoundTripRgbToCmykAndBack" file="/home/prodo/Documents/Projects/Negarity/negarity-color/tests/ColorConversionTest.php" line="728" class="Negarity\Color\Tests\ColorConversionTest" classname="Negarity.Color.Tests.ColorConversionTest" assertions="3" time="0.003009"/>
        <testcase name="testRoundTripRgbToHslAndBack" file="/home/prodo/Documents/Projects/Negarity/negarity-color/tests/ColorConversionTest.php" line="774" class="Negarity\Color\Tests\ColorConversionTest" classname="Negarity.Color.Tests.ColorConversionTest" assertions="3" time="0.004518"/>
        <testcase name="testRoundTripRgbToHsvAndBack" file="/home/prodo/Documents/Projects/Negarity/negarity-color/tests/ColorConversionTest.php" line="820" class="Negarity\Color\Tests\ColorConversionTest" classname="Negarity.Color.Tests.ColorConversionTest" assertions="3" time="0.002919"/>
        <testcase name="testRgbToHex" file="/home/prodo/Documents/Projects/Negarity/negarity-color/tests/ColorConversionTest.php" line="868" class="Negarity\Color\Tests\ColorConversionTest" classname="Negarity.Color.Tests.ColorConversionTest" assertions="1" time="0.002576"/>
        <testcase name="testRgbaToHex" file="/home/prodo/Documents/Projects/Negarity/negarity-color/tests/ColorConversionTest.php" line="878" class="Negarity\Color\Tests\ColorConversionTest" classname="Negarity.Color.Tests.ColorConversionTest" assertions="1" time="0.002714"/>
        <testcase name="testColorSpaceConversionToHex" file="/home/prodo/Documents/Projects/Negarity/negarity-color/tests/ColorConversionTest.php" line="889" class="Negarity\Color\Tests\ColorConversionTest" classname="Negarity.Color.Tests.ColorConversionTest" assertions="2" time="0.002893"/>
      </testsuite>
      <testsuite name="Negarity\Color\Tests\ColorCreationTest" file="/home/prodo/Documents/Projects/Negarity/negarity-color/tests/ColorCreationTest.php" tests="34" assertions="108" errors="0" failures="0" skipped="0" time="0.002741">
        <testcase name="testCreateRgbColor" file="/home/prodo/Documents/Projects/Negarity/negarity-color/tests/ColorCreationTest.php" line="25" class="Negarity\Color\Tests\ColorCreationTest" classname="Negarity.Color.Tests.ColorCreationTest" assertions="5" time="0.000219"/>
        <testcase name="testCreateRgbaColor" file="/home/prodo/Documents/Projects/Negarity/negarity-color/tests/ColorCreationTest.php" line="39" class="Negarity\Color\Tests\ColorCreationTest" classname="Negarity.Color.Tests.ColorCreationTest" assertions="6" time="0.000088"/>
        <testcase name="testCreateCmykColor" file="/home/prodo/Documents/Projects/Negarity/negarity-color/tests/ColorCreationTest.php" line="55" class="Negarity\Color\Tests\ColorCreationTest" classname="Negarity.Color.Tests.ColorCreationTest" assertions="6" time="0.000068"/>
        <testcase name="testCreateHslColor" file="/home/prodo/Documents/Projects/Negarity/negarity-color/tests/ColorCreationTest.php" line="71" class="Negarity\Color\Tests\ColorCreationTest" classname="Negarity.Color.Tests.ColorCreationTest" assertions="5" time="0.000061"/>
        <testcase name="testCreateHslaColor" file="/home/prodo/Documents/Projects/Negarity/negarity-color/tests/ColorCreationTest.php" line="85" class="Negarity\Color\Tests\ColorCreationTest" classname="Negarity.Color.Tests.ColorCreationTest" assertions="6" time="0.000150"/>
        <testcase name="testCreateHsvColor" file="/home/prodo/Documents/Projects/Negarity/negarity-color/tests/ColorCreationTest.php" line="101" class="Negarity\Color\Tests\ColorCreationTest" classname="Negarity.Color.Tests.ColorCreationTest" assertions="5" time="0.000068"/>
        <testcase name="testCreateLabColor" file="/home/prodo/Documents/Projects/Negarity/negarity-color/tests/ColorCreationTest.php" line="115" class="Negarity\Color\Tests\ColorCreationTest" classname="Negarity.Color.Tests.ColorCreationTest" assertions="5" time="0.000061"/>
        <testcase name="testCreateLchColor" file="/home/prodo/Documents/Projects/Negarity/negarity-color/tests/ColorCreationTest.php" line="129" class="Negarity\Color\Tests\ColorCreationTest" classname="Negarity.Color.Tests.ColorCreationTest" assertions="5" time="0.000058"/>
        <testcase name="testCreateXyzColor" file="/home/prodo/Documents/Projects/Negarity/negarity-color/tests/ColorCreationTest.php" line="143" class="Negarity\Color\Tests\ColorCreationTest" classname="Negarity.Color.Tests.ColorCreationTest" assertions="5" time="0.000057"/>
        <testcase name="testCreateYcbcrColor" file="/home/prodo/Documents/Projects/Negarity/negarity-color/tests/ColorCreationTest.php" line="157" class="Negarity\Color\Tests\ColorCreationTest" classname="Negarity.Color.Tests.ColorCreationTest" assertions="5" time="0.000060"/>
        <testcase name="testCreateColorFromHex6Digit" file="/home/prodo/Documents/Projects/Negarity/negarity-color/tests/ColorCreationTest.php" line="171" class="Negarity\Color\Tests\ColorCreationTest" classname="Negarity.Color.Tests.ColorCreationTest" assertions="5" time="0.000065"/>
        <testcase name="testCreateColorFromHexWithoutHash" file="/home/prodo/Documents/Projects/Negarity/negarity-color/tests/ColorCreationTest.php" line="187" class="Negarity\Color\Tests\ColorCreationTest" classname="Negarity.Color.Tests.ColorCreationTest" assertions="5" time="0.000075"/>
        <testcase name="testCreateColorFromHex8Digit" file="/home/prodo/Documents/Projects/Negarity/negarity-color/tests/ColorCreationTest.php" line="203" class="Negarity\Color\Tests\ColorCreationTest" classname="Negarity.Color.Tests.ColorCreationTest" assertions="6" time="0.000072"/>
        <testcase name="testCreateColorFromHex3Digit" file="/home/prodo/Documents/Projects/Negarity/negarity-color/tests/ColorCreationTest.php" line="221" class="Negarity\Color\Tests\ColorCreationTest" classname="Negarity.Color.Tests.ColorCreationTest" assertions="5" time="0.000067"/>
        <testcase name="testCreateRgbColorWithInvalidRChannel" file="/home/prodo/Documents/Projects/Negarity/negarity-color/tests/ColorCreationTest.php" line="245" class="Negarity\Color\Tests\ColorCreationTest" classname="Negarity.Color.Tests.ColorCreationTest" assertions="1" time="0.000153"/>
        <testcase name="testCreateRgbColorWithInvalidGChannel" file="/home/prodo/Documents/Projects/Negarity/negarity-color/tests/ColorCreationTest.php" line="254" class="Negarity\Color\Tests\ColorCreationTest" classname="Negarity.Color.Tests.ColorCreationTest" assertions="1" time="0.000053"/>
        <testcase name="testCreateRgbColorWithInvalidBChannel" file="/home/prodo/Documents/Projects/Negarity/negarity-color/tests/ColorCreationTest.php" line="263" class="Negarity\Color\Tests\ColorCreationTest" classname="Negarity.Color.Tests.ColorCreationTest" assertions="1" time="0.000046"/>
        <testcase name="testCreateRgbaColorWithInvalidAlpha" file="/home/prodo/Documents/Projects/Negarity/negarity-color/tests/ColorCreationTest.php" line="272" class="Negarity\Color\Tests\ColorCreationTest" classname="Negarity.Color.Tests.ColorCreationTest" assertions="1" time="0.000046"/>
        <testcase name="testCreateCmykColorWithInvalidCChannel" file="/home/prodo/Documents/Projects/Negarity/negarity-color/tests/ColorCreationTest.php" line="282" class="Negarity\Color\Tests\ColorCreationTest" classname="Negarity.Color.Tests.ColorCreationTest" assertions="1" time="0.000045"/>
        <testcase name="testCreateCmykColorWithInvalidMChannel" file="/home/prodo/Documents/Projects/Negarity/negarity-color/tests/ColorCreationTest.php" line="292" class="Negarity\Color\Tests\ColorCreationTest" classname="Negarity.Color.Tests.ColorCreationTest" assertions="1" time="0.000045"/>
        <testcase name="testCreateHslColorWithInvalidHChannel" file="/home/prodo/Documents/Projects/Negarity/negarity-color/tests/ColorCreationTest.php" line="302" class="Negarity\Color\Tests\ColorCreationTest" classname="Negarity.Color.Tests.ColorCreationTest" assertions="1" time="0.000045"/>
        <testcase name="testCreateHslColorWithInvalidSChannel" file="/home/prodo/Documents/Projects/Negarity/negarity-color/tests/ColorCreationTest.php" line="311" class="Negarity\Color\Tests\ColorCreationTest" classname="Negarity.Color.Tests.ColorCreationTest" assertions="1" time="0.000044"/>
        <testcase name="testCreateHslColorWithInvalidLChannel" file="/home/prodo/Documents/Projects/Negarity/negarity-color/tests/ColorCreationTest.php" line="320" class="Negarity\Color\Tests\ColorCreationTest" classname="Negarity.Color.Tests.ColorCreationTest" assertions="1" time="0.000043"/>
        <testcase name="testCreateHsvColorWithInvalidVChannel" file="/home/prodo/Documents/Projects/Negarity/negarity-color/tests/ColorCreationTest.php" line="329" class="Negarity\Color\Tests\ColorCreationTest" classname="Negarity.Color.Tests.ColorCreationTest" assertions="1" time="0.000044"/>
        <testcase name="testCreateLabColorWithInvalidLChannel" file="/home/prodo/Documents/Projects/Negarity/negarity-color/tests/ColorCreationTest.php" line="338" class="Negarity\Color\Tests\ColorCreationTest" classname="Negarity.Color.Tests.ColorCreationTest" assertions="1" time="0.000057"/>
        <testcase name="testCreateLabColorWithNegativeLChannel" file="/home/prodo/Documents/Projects/Negarity/negarity-color/tests/ColorCreationTest.php" line="347" class="Negarity\Color\Tests\ColorCreationTest" classname="Negarity.Color.Tests.ColorCreationTest" assertions="1" time="0.000048"/>
        <testcase name="testCreateLchColorWithInvalidHChannel" file="/home/prodo/Documents/Projects/Negarity/negarity-color/tests/ColorCreationTest.php" line="356" class="Negarity\Color\Tests\ColorCreationTest" classname="Negarity.Color.Tests.ColorCreationTest" assertions="1" time="0.000047"/>
        <testcase name="testCreateYcbcrColorWithInvalidYChannel" file="/home/prodo/Documents/Projects/Negarity/negarity-color/tests/ColorCreationTest.php" line="365" class="Negarity\Color\Tests\ColorCreationTest" classname="Negarity.Color.Tests.ColorCreationTest" assertions="1" time="0.000047"/>
        <testcase name="testCreateYcbcrColorWithInvalidCbChannel" file="/home/prodo/Documents/Projects/Negarity/negarity-color/tests/ColorCreationTest.php" line="374" class="Negarity\Color\Tests\ColorCreationTest" classname="Negarity.Color.Tests.ColorCreationTest" assertions="1" time="0.000046"/>
        <testcase name="testCreateYcbcrColorWithInvalidCrChannel" file="/home/prodo/Documents/Projects/Negarity/negarity-color/tests/ColorCreationTest.php" line="383" class="Negarity\Color\Tests\ColorCreationTest" classname="Negarity.Color.Tests.ColorCreationTest" assertions="1" time="0.000046"/>
        <testcase name="testGetChannelValues" file="/home/prodo/Documents/Projects/Negarity/negarity-color/tests/ColorCreationTest.php" line="394" class="Negarity\Color\Tests\ColorCreationTest" classname="Negarity.Color.Tests.ColorCreationTest" assertions="6" time="0.000063"/>
        <testcase name="testGetChannels" file="/home/prodo/Documents/Projects/Negarity/negarity-color/tests/ColorCreationTest.php" line="409" class="Negarity\Color\Tests\ColorCreationTest" classname="Negarity.Color.Tests.ColorCreationTest" assertions="4" time="0.000159"/>
        <testcase name="testWithMethodCreatesNewInstance" file="/home/prodo/Documents/Projects/Negarity/negarity-color/tests/ColorCreationTest.php" line="422" class="Negarity\Color\Tests\ColorCreationTest" classname="Negarity.Color.Tests.ColorCreationTest" assertions="5" time="0.000403"/>
        <testcase name="testWithoutMethodCreatesNewInstance" file="/home/prodo/Documents/Projects/Negarity/negarity-color/tests/ColorCreationTest.php" line="438" class="Negarity\Color\Tests\ColorCreationTest" classname="Negarity.Color.Tests.ColorCreationTest" assertions="3" time="0.000090"/>
      </testsuite>
    </testsuite>
  </testsuite>
</testsuites>
